// Vitest Snapshot v1, https://vitest.dev/guide/snapshot.html

exports[`maintenance page should render > should render 1`] = `"<maintenancepage></maintenancepage>"`;
