// Vitest Snapshot v1, https://vitest.dev/guide/snapshot.html

exports[`HelloWorld > should render 1`] = `
"<div>
  <h1 class="text-primary">Hello World!</h1>
</div>"
`;
